
> api@1.0.0 build
> nest build

Found 8 error(s).
[96msrc/auth/roles.decorator.ts[0m:[93m2[0m:[93m10[0m - [91merror[0m[90m TS2305: [0mModule '"database"' has no exported member 'Role'.


[7m2[0m import { Role } from 'database';
[7m [0m [91m         ~~~~[0m
[96msrc/auth/roles.guard.ts[0m:[93m3[0m:[93m10[0m - [91merror[0m[90m TS2305: [0mModule '"database"' has no exported member 'Role'.

[7m3[0m import { Role } from 'database';
[7m [0m [91m         ~~~~[0m
[96msrc/health/health.controller.ts[0m:[93m11[0m:[93m34[0m - [91merror[0m[90m TS1127: [0mInvalid character.

[7m11[0m       await this.prisma.$queryRaw\`SELECT 1\`;
[7m  [0m [91m                                 [0m
[96msrc/health/health.controller.ts[0m:[93m18[0m:[93m1[0m - [91merror[0m[90m TS1160: [0mUnterminated template literal.

[7m18[0m
[7m  [0m [91m[0m
[96msrc/stream/stream.controller.ts[0m:[93m40[0m:[93m51[0m - [91merror[0m[90m TS2349: [0mThis expression is not callable.
  Type '{ 'Content-Range': any; }' has no call signatures.

[7m40[0m         res.writeHead(HttpStatus.PARTIAL_CONTENT, {
[7m  [0m [91m                                                  ~[0m
[7m41[0m           'Content-Range': \`bytes \${start}-\${end}/\${fileSize}\`,
[7m  [0m [91m~~~~~~~~~~~~~~~~~~~~~~~~~~~~[0m
[96msrc/stream/stream.controller.ts[0m:[93m41[0m:[93m28[0m - [91merror[0m[90m TS1127: [0mInvalid character.

[7m41[0m           'Content-Range': \`bytes \${start}-\${end}/\${fileSize}\`,
[7m  [0m [91m                           [0m
[96msrc/stream/stream.controller.ts[0m:[93m41[0m:[93m29[0m - [91merror[0m[90m TS1136: [0mProperty assignment expected.

[7m 41[0m           'Content-Range': \`bytes \${start}-\${end}/\${fileSize}\`,
[7m   [0m [91m                            ~~~~~~~~~~~~~~~~~~~~~~~~~~~~~~~~~~~~~~~~[0m
[7m 42[0m           'Accept-Ranges': 'bytes',
[7m   [0m [91m~~~~~~~~~~~~~~~~~~~~~~~~~~~~~~~~~~~[0m
[7m...[0m
[7m 64[0m }
[7m   [0m [91m~[0m
[7m 65[0m
[7m   [0m [91m[0m
[96msrc/stream/stream.controller.ts[0m:[93m65[0m:[93m1[0m - [91merror[0m[90m TS1160: [0mUnterminated template literal.

[7m65[0m
[7m  [0m [91m[0m

npm error Lifecycle script `build` failed with error:
npm error code 1
npm error path /app/apps/api
npm error workspace api@1.0.0
npm error location /app/apps/api
npm error command failed
npm error command sh -c nest build
